exit: 0
--- stderr ---
--- stdout ---

============================================================
File: notes/ideas.md  #c2496c
============================================================

Folder Context: Snapshot fixture collection
---

1: # Idea Parking Lot
2: 
3: ## Ideas
4: - Keyboard-first navigation
5: - Export snapshots to PDF
6: 

============================================================
File: notes/meeting.md  #433665
============================================================

Folder Context: Snapshot fixture collection
---

1: # Weekly Sync Meeting
2: 
3: Date: 2024-01-15
4: 
5: ## Attendees
6: - Alice
7: - Bob
8: 
9: ## Notes
10: - Reviewed the meeting agenda
11: - Bob owns the follow-up
12: 
